UPDATE : UPDATE SET ABC = TTT A_USERS WHERE user_idx = 'abc'
INFO: LOGGING
SUCCESS: LOGGING
ERROR: LOGGING
FAIL: LOGGING
REQUEST: LOGGING
RESPONSE: LOGGING
INFO: LOGGING
SUCCESS: LOGGING
ERROR: LOGGING
FAIL: LOGGING
REQUEST: LOGGING
RESPONSE: LOGGING
SELECT : SELECT * FROM tables

DELETE : DELETE FROM A_USERS HERE user_idx = 'abc'
REPLACE : REPLACE 'abc'